******************************************************************************
                  TI ARM Linker PC v18.12.8                    
******************************************************************************
>> Linked Tue Mar 28 13:37:32 2023

OUTPUT FILE NAME:   <5.5.out>
ENTRY POINT SYMBOL: "_c_int00_noargs"  address: 00000929


MEMORY CONFIGURATION

         name            origin    length      used     unused   attr    fill
----------------------  --------  ---------  --------  --------  ----  --------
  FLASH                 00000000   00040000  000009ec  0003f614  R  X
  SRAM                  20000000   00008000  00000254  00007dac  RW X


SEGMENT ALLOCATION MAP

run origin  load origin   length   init length attrs members
----------  ----------- ---------- ----------- ----- -------
00000000    00000000    000009ec   000009ec    r-x
  00000000    00000000    0000026c   0000026c    r-- .intvecs
  0000026c    0000026c    0000071c   0000071c    r-x .text
  00000988    00000988    00000064   00000064    r-- .cinit
20000000    20000000    00000254   00000000    rw-
  20000000    20000000    00000200   00000000    rw- .stack
  20000200    20000200    00000054   00000000    rw- .data


SECTION ALLOCATION MAP

 output                                  attributes/
section   page    origin      length       input sections
--------  ----  ----------  ----------   ----------------
.intvecs   0    00000000    0000026c     
                  00000000    0000026c     tm4c123gh6pm_startup_ccs.obj (.intvecs)

.text      0    0000026c    0000071c     
                  0000026c    0000035a     lab_5_library.obj (.text)
                  000005c6    00000002     --HOLE-- [fill = 0]
                  000005c8    00000218     lab_5.obj (.text)
                  000007e0    0000009c     rtsv7M4_T_le_v4SPD16_eabi.lib : memcpy_t2.asm.obj (.text)
                  0000087c    00000068                                   : copy_decompress_lzss.c.obj (.text:decompress:lzss:__TI_decompress_lzss)
                  000008e4    00000044                                   : autoinit.c.obj (.text:__TI_auto_init_nobinit_nopinit:__TI_auto_init_nobinit_nopinit)
                  00000928    00000034                                   : boot_cortex_m.c.obj (.text:_c_int00_noargs:_c_int00_noargs)
                  0000095c    0000000e                                   : copy_decompress_none.c.obj (.text:decompress:none:__TI_decompress_none)
                  0000096a    0000000c     tm4c123gh6pm_startup_ccs.obj (.text)
                  00000976    0000000a     lab_5_wrapper.obj (.text)
                  00000980    00000004     rtsv7M4_T_le_v4SPD16_eabi.lib : pre_init.c.obj (.text:_system_pre_init)
                  00000984    00000004                                   : exit.c.obj (.text:abort:abort)

.cinit     0    00000988    00000064     
                  00000988    00000052     (.cinit..data.load) [load image, compression = lzss]
                  000009da    00000002     --HOLE-- [fill = 0]
                  000009dc    00000008     (__TI_handler_table)
                  000009e4    00000008     (__TI_cinit_table)

.init_array 
*          0    00000000    00000000     UNINITIALIZED

.data      0    20000200    00000054     UNINITIALIZED
                  20000200    00000054     lab_5.obj (.data)

.stack     0    20000000    00000200     UNINITIALIZED
                  20000000    00000004     rtsv7M4_T_le_v4SPD16_eabi.lib : boot_cortex_m.c.obj (.stack)
                  20000004    000001fc     --HOLE--

MODULE SUMMARY

       Module                         code   ro data   rw data
       ------                         ----   -------   -------
    .\
       lab_5_library.obj              858    0         0      
       tm4c123gh6pm_startup_ccs.obj   12     620       0      
       lab_5.obj                      536    0         84     
       lab_5_wrapper.obj              10     0         0      
    +--+------------------------------+------+---------+---------+
       Total:                         1416   620       84     
                                                              
    C:\ti\ccs930\ccs\tools\compiler\ti-cgt-arm_18.12.8.LTS\lib\rtsv7M4_T_le_v4SPD16_eabi.lib
       memcpy_t2.asm.obj              156    0         0      
       copy_decompress_lzss.c.obj     104    0         0      
       autoinit.c.obj                 68     0         0      
       boot_cortex_m.c.obj            52     0         0      
       copy_decompress_none.c.obj     14     0         0      
       exit.c.obj                     4      0         0      
       pre_init.c.obj                 4      0         0      
    +--+------------------------------+------+---------+---------+
       Total:                         402    0         0      
                                                              
       Stack:                         0      0         512    
       Linker Generated:              0      98        0      
    +--+------------------------------+------+---------+---------+
       Grand Total:                   1818   718       596    


LINKER GENERATED COPY TABLES

__TI_cinit_table @ 000009e4 records: 1, size/record: 8, table size: 8
	.data: load addr=00000988, load size=00000052 bytes, run addr=20000200, run size=00000054 bytes, compression=lzss


LINKER GENERATED HANDLER TABLE

__TI_handler_table @ 000009dc records: 2, size/record: 4, table size: 8
	index: 0, handler: __TI_decompress_lzss
	index: 1, handler: __TI_decompress_none


GLOBAL SYMBOLS: SORTED ALPHABETICALLY BY Name 

address   name                          
-------   ----                          
00000985  C$$EXIT                       
0000096b  ResetISR                      
00000729  Switch_Handler                
0000075b  Timer_Handler                 
000006ed  UART0_Handler                 
20000200  __STACK_END                   
00000200  __STACK_SIZE                  
20000200  __STACK_TOP                   
000009e4  __TI_CINIT_Base               
000009ec  __TI_CINIT_Limit              
000009dc  __TI_Handler_Table_Base       
000009e4  __TI_Handler_Table_Limit      
000008e5  __TI_auto_init_nobinit_nopinit
0000087d  __TI_decompress_lzss          
0000095d  __TI_decompress_none          
ffffffff  __TI_pprof_out_hndl           
ffffffff  __TI_prof_data_size           
ffffffff  __TI_prof_data_start          
00000000  __TI_static_base__            
000007e1  __aeabi_memcpy                
000007e1  __aeabi_memcpy4               
000007e1  __aeabi_memcpy8               
ffffffff  __binit__                     
ffffffff  __c_args__                    
UNDEFED   __mpu_init                    
20000000  __stack                       
00000929  _c_int00_noargs               
UNDEFED   _system_post_cinit            
00000981  _system_pre_init              
00000985  abort                         
ffffffff  binit                         
00000000  g_pfnVectors                  
0000026d  gpio_btn_and_LED_init         
00000657  gpio_interrupt_init           
000003d7  illuminate_LEDs               
000003ef  illuminate_RGB_LED            
00000553  int2string                    
000005e1  lab5                          
00000977  main                          
000007e1  memcpy                        
00000483  output_character              
00000441  output_string                 
0000045b  read_character                
000002f3  read_from_keypad              
00000369  read_from_push_btns           
00000415  read_string                   
000003b7  read_tiva_push_button         
0000075d  simple_read_character         
0000059d  string2int                    
000004ab  uart_init                     
00000615  uart_interrupt_init           


GLOBAL SYMBOLS: SORTED BY Symbol Address 

address   name                          
-------   ----                          
00000000  __TI_static_base__            
00000000  g_pfnVectors                  
00000200  __STACK_SIZE                  
0000026d  gpio_btn_and_LED_init         
000002f3  read_from_keypad              
00000369  read_from_push_btns           
000003b7  read_tiva_push_button         
000003d7  illuminate_LEDs               
000003ef  illuminate_RGB_LED            
00000415  read_string                   
00000441  output_string                 
0000045b  read_character                
00000483  output_character              
000004ab  uart_init                     
00000553  int2string                    
0000059d  string2int                    
000005e1  lab5                          
00000615  uart_interrupt_init           
00000657  gpio_interrupt_init           
000006ed  UART0_Handler                 
00000729  Switch_Handler                
0000075b  Timer_Handler                 
0000075d  simple_read_character         
000007e1  __aeabi_memcpy                
000007e1  __aeabi_memcpy4               
000007e1  __aeabi_memcpy8               
000007e1  memcpy                        
0000087d  __TI_decompress_lzss          
000008e5  __TI_auto_init_nobinit_nopinit
00000929  _c_int00_noargs               
0000095d  __TI_decompress_none          
0000096b  ResetISR                      
00000977  main                          
00000981  _system_pre_init              
00000985  C$$EXIT                       
00000985  abort                         
000009dc  __TI_Handler_Table_Base       
000009e4  __TI_CINIT_Base               
000009e4  __TI_Handler_Table_Limit      
000009ec  __TI_CINIT_Limit              
20000000  __stack                       
20000200  __STACK_END                   
20000200  __STACK_TOP                   
ffffffff  __TI_pprof_out_hndl           
ffffffff  __TI_prof_data_size           
ffffffff  __TI_prof_data_start          
ffffffff  __binit__                     
ffffffff  __c_args__                    
ffffffff  binit                         
UNDEFED   __mpu_init                    
UNDEFED   _system_post_cinit            

[51 symbols]
